../Core/Src/main.c:181:13:debug_printf	144	static
../Core/Src/main.c:195:21:steps_per_mm	16	static
../Core/Src/main.c:200:17:Timer_Get_Input_Clock	48	static
../Core/Src/main.c:218:13:Steppers_Enable	16	static
../Core/Src/main.c:224:13:Steppers_SetDir	16	static
../Core/Src/main.c:231:26:Steppers_SetStepFreq_Hz	64	static
../Core/Src/main.c:286:20:HBridge_SetMode	16	static
../Core/Src/main.c:313:26:HBridge_SetPWM_Duty	24	static
../Core/Src/main.c:324:26:HBridge_Start	8	static
../Core/Src/main.c:329:13:HBridge_Stop	8	static
../Core/Src/main.c:335:13:DC_SetSpeed_0to1	16	static
../Core/Src/main.c:344:13:DC_StartForward	16	static
../Core/Src/main.c:351:13:DC_StartReverse	16	static
../Core/Src/main.c:358:13:DC_Brake	8	static
../Core/Src/main.c:364:13:DC_Coast	8	static
../Core/Src/main.c:374:23:HomeSensor_IsActive	8	static
../Core/Src/main.c:382:14:Compute_Stepper_Freq_From_DC	32	static
../Core/Src/main.c:405:16:Button_Read	16	static
../Core/Src/main.c:419:5:main	16	static
../Core/Src/main.c:520:6:SystemClock_Config	160	static
../Core/Src/main.c:570:13:MX_TIM1_Init	96	static
../Core/Src/main.c:640:13:MX_TIM2_Init	48	static
../Core/Src/main.c:694:13:MX_USART2_UART_Init	8	static
../Core/Src/main.c:729:13:MX_GPIO_Init	48	static
../Core/Src/main.c:789:13:Machine_Task	32	static
../Core/Src/main.c:910:6:HAL_TIM_PeriodElapsedCallback	16	static
../Core/Src/main.c:941:6:Error_Handler	4	static,ignoring_inline_asm
